// 重构日志: 7e67f61a
// 重构日志: 78891186
// 重构日志: f60eef99
// 重构日志: c1fac8d3
// 重构日志: 6fa3b49d
// 同步 ID: 1f1e740f @ Wed Jul 22 20:51:16 UTC 2026
// 重构日志: 8dea5193
// 重构日志: 1dce96a6
// 重构日志: d6a5ec63
// 重构日志: b49ba7a9
// 重构日志: 43fd141b
// 同步 ID: e79627de @ Sat Jul 25 11:19:08 UTC 2026
// 重构日志: a14a92a2
// 重构日志: 91d39220
// 重构日志: c58d269a
// 重构日志: 36ac8853
// 重构日志: 635bea9f
// 同步 ID: a48c0235 @ Mon Jul 27 16:29:06 UTC 2026
// 重构日志: ac038037
// 重构日志: cc1369cd
// 重构日志: 6ecb4c65
// 重构日志: 9f090acb
// 重构日志: c728ab25
// 重构日志: 099b4985
// 重构日志: e3686c86
// 重构日志: 87849e97
// 同步 ID: dd7aaa2c @ Fri Jul 31 15:44:59 UTC 2026
// 重构日志: cd072693
// 重构日志: 2e7d4eed
// 同步 ID: 4609e844 @ Sun Aug  2 16:09:46 UTC 2026
// 重构日志: 402063c0
// 重构日志: 9e4dac56
// 重构日志: 5642b445
// 重构日志: dc0210bd
